[32m2026-03-16 22:03:38 +0530[0m - dagster - [34mDEBUG[0m - __ASSET_JOB - 163c8a95-d983-412c-bcec-86f47e95399e - 6744 - LOGS_CAPTURED - Started capturing logs in process (pid: 6744).
[32m2026-03-16 22:03:38 +0530[0m - dagster - [34mDEBUG[0m - __ASSET_JOB - 163c8a95-d983-412c-bcec-86f47e95399e - 6744 - inject_to_motherduck - STEP_START - Started execution of step "inject_to_motherduck".
[32m2026-03-16 22:03:38 +0530[0m - dagster - [34mDEBUG[0m - __ASSET_JOB - 163c8a95-d983-412c-bcec-86f47e95399e - inject_to_motherduck - Loading file from: /Users/shefu/semicon_env/SemicoN_Project/.tmp_dagster_home_2bx2qaaz/storage/live_threat_scan using PickledObjectFilesystemIOManager...
[32m2026-03-16 22:03:38 +0530[0m - dagster - [34mDEBUG[0m - __ASSET_JOB - 163c8a95-d983-412c-bcec-86f47e95399e - 6744 - inject_to_motherduck - LOADED_INPUT - Loaded input "live_threat_scan" using input manager "io_manager", from output "result" of step "live_threat_scan"
[32m2026-03-16 22:03:38 +0530[0m - dagster - [34mDEBUG[0m - __ASSET_JOB - 163c8a95-d983-412c-bcec-86f47e95399e - 6744 - inject_to_motherduck - STEP_INPUT - Got input "live_threat_scan" of type "Any". (Type check passed).
[32m2026-03-16 22:03:38 +0530[0m - dagster - [34mINFO[0m - __ASSET_JOB - 163c8a95-d983-412c-bcec-86f47e95399e - inject_to_motherduck - Connecting to MotherDuck Cloud Brain...
[32m2026-03-16 22:03:40 +0530[0m - dagster - [34mERROR[0m - [31m__ASSET_JOB - 163c8a95-d983-412c-bcec-86f47e95399e - 6744 - inject_to_motherduck - STEP_FAILURE - Execution of step "inject_to_motherduck" failed.

dagster._core.errors.DagsterExecutionStepExecutionError: Error occurred while executing op "inject_to_motherduck"::

duckdb.duckdb.InvalidInputException: Invalid Input Error: Initialization function "motherduck_init" from file "/Users/shefu/.duckdb/extensions/v0.10.0/osx_amd64/motherduck.duckdb_extension" threw an exception: "
Your DuckDB version (v0.10.0) is not supported by MotherDuck. Please upgrade your DuckDB to v1.4.4.

See https://motherduck.com/docs/getting-started/connect-query-from-duckdb-cli for more information."

Stack Trace:
  File "/Users/shefu/semicon_env/lib/python3.12/site-packages/dagster/_core/execution/plan/utils.py", line 57, in op_execution_error_boundary
    yield
  File "/Users/shefu/semicon_env/lib/python3.12/site-packages/dagster/_utils/__init__.py", line 394, in iterate_with_context
    next_output = next(iterator)
                  ^^^^^^^^^^^^^^
  File "/Users/shefu/semicon_env/lib/python3.12/site-packages/dagster/_core/execution/plan/compute_generator.py", line 135, in _coerce_op_compute_fn_to_iterator
    result = invoke_compute_fn(
             ^^^^^^^^^^^^^^^^^^
  File "/Users/shefu/semicon_env/lib/python3.12/site-packages/dagster/_core/execution/plan/compute_generator.py", line 115, in invoke_compute_fn
    return fn(context, **args_to_pass) if context_arg_provided else fn(**args_to_pass)
                                                                    ^^^^^^^^^^^^^^^^^^
  File "/Users/shefu/semicon_env/SemicoN_Project/semicon_pipeline.py", line 29, in inject_to_motherduck
    con = duckdb.connect(f'md:semicon_intel?motherduck_token={token}')
          ^^^^^^^^^^^^^^^^^^^^^^^^^^^^^^^^^^^^^^^^^^^^^^^^^^^^^^^^^^^^
[0m
